2026-08-19 02:24:32,913 [INFO] app.main: Uygulama başarıyla başlatıldı ve ayakta!
2026-08-19 02:51:46,464 [INFO] app.main: Uygulama kapatılıyor...
2026-08-19 02:51:47,620 [INFO] app.main: Uygulama başarıyla başlatıldı ve ayakta!
2026-08-19 02:58:32,140 [INFO] app.main: Uygulama kapatılıyor...
2026-08-19 02:58:33,341 [INFO] app.main: Uygulama başarıyla başlatıldı ve ayakta!
2026-08-19 03:00:35,833 [INFO] app.main: Uygulama kapatılıyor...
2026-08-19 03:00:53,878 [INFO] app.main: Uygulama başarıyla başlatıldı ve ayakta!
2026-08-19 03:02:56,091 [INFO] app.main: Uygulama kapatılıyor...
2026-08-19 03:03:36,386 [INFO] app.main: Uygulama başarıyla başlatıldı ve ayakta!
2026-08-19 03:16:49,863 [INFO] app.main: Uygulama kapatılıyor...
2026-08-19 03:16:50,968 [INFO] app.main: Uygulama başarıyla başlatıldı ve ayakta!
2026-08-19 03:18:21,876 [INFO] app.main: Uygulama kapatılıyor...
2026-08-19 03:18:22,955 [INFO] app.main: Uygulama başarıyla başlatıldı ve ayakta!
2026-08-19 03:19:17,429 [INFO] app.main: Uygulama kapatılıyor...
2026-08-19 03:20:45,089 [INFO] app.main: Uygulama başarıyla başlatıldı ve ayakta!
2026-08-19 03:45:28,735 [INFO] app.main: Uygulama kapatılıyor...
2026-08-20 00:25:33,967 [INFO] app.main: Uygulama başarıyla başlatıldı ve ayakta!
2026-08-20 00:35:07,114 [INFO] app.main: Health check (sağlık durumu) kontrol edildi.
2026-08-20 00:36:02,529 [INFO] app.main: Health check (sağlık durumu) kontrol edildi.
2026-08-20 00:50:33,776 [INFO] app.main: Sunucu sistem metrikleri (CPU, RAM, Disk) başarıyla okundu.
2026-08-20 01:30:10,258 [INFO] app.main: Uygulama kapatılıyor...
2026-08-20 01:30:11,482 [INFO] app.main: Uygulama başarıyla başlatıldı ve ayakta!
2026-08-20 01:31:57,559 [INFO] app.background: [AUDIT LOG] Yeni mikroservis başarıyla sisteme tanımlandı: 'string'
2026-08-20 01:45:36,127 [INFO] app.main: Uygulama kapatılıyor...
2026-08-24 11:59:29,470 [INFO] app.main: Uygulama başarıyla başlatıldı ve ayakta!
2026-08-24 12:00:38,630 [INFO] app.main: Uygulama kapatılıyor...
2026-08-24 12:01:56,600 [INFO] app.main: Uygulama başarıyla başlatıldı ve ayakta!
2026-08-24 13:54:22,865 [INFO] app.main: Uygulama başarıyla başlatıldı ve ayakta!
2026-08-24 14:04:52,373 [INFO] app.main: Uygulama başarıyla başlatıldı ve ayakta!
2026-08-24 14:05:02,734 [INFO] app.main: Sunucu sistem metrikleri (CPU, RAM, Disk) başarıyla okundu.
2026-08-24 14:05:13,092 [INFO] app.main: Health check (sağlık durumu) kontrol edildi.
2026-08-24 14:06:07,079 [INFO] app.main: Sistem logları listelendi.
2026-08-24 14:57:17,303 [INFO] app.main: Uygulama kapatılıyor...
2026-08-24 14:57:18,504 [INFO] app.main: Uygulama başarıyla başlatıldı ve ayakta!
2026-08-24 15:42:00,896 [INFO] app.main: Uygulama başarıyla başlatıldı ve ayakta!
2026-08-24 15:45:42,408 [INFO] app.main: Uygulama kapatılıyor...
2026-08-24 15:47:57,579 [INFO] app.main: Uygulama başarıyla başlatıldı ve ayakta!
2026-08-24 15:49:40,466 [INFO] app.main: Uygulama kapatılıyor...
2026-08-24 15:50:04,165 [INFO] app.main: Uygulama başarıyla başlatıldı ve ayakta!
2026-08-24 15:57:41,576 [INFO] app.main: Uygulama kapatılıyor...
2026-08-24 15:57:49,575 [INFO] app.main: Uygulama başarıyla başlatıldı ve ayakta!
2026-08-24 16:20:04,797 [INFO] app.main: Uygulama kapatılıyor...
2026-08-24 16:20:07,375 [INFO] app.main: Uygulama başarıyla başlatıldı ve ayakta!
2026-08-24 16:33:27,514 [INFO] app.main: Uygulama kapatılıyor...
2026-08-24 16:33:28,411 [INFO] app.main: Uygulama başarıyla başlatıldı ve ayakta!
2026-08-24 16:33:28,486 [INFO] app.main: Uygulama başarıyla başlatıldı ve ayakta!
2026-08-24 16:35:40,633 [INFO] app.main: Health check (sağlık durumu) kontrol edildi.
2026-08-24 17:20:28,477 [INFO] app.main: Uygulama kapatılıyor...
2026-09-01 18:29:38,679 [INFO] app.main: Uygulama başarıyla başlatıldı ve ayakta!
